Mode: CFR LEARNING (cfr_learning: true)
==========================================
Running 10-seed experiment (cfr mode)
==========================================

--- Seed 0 (cfr) ---

Using the jason.jar from classpath

  saved -> results/seed_0/

--- Seed 1 (cfr) ---

Using the jason.jar from classpath

  saved -> results/seed_1/

--- Seed 2 (cfr) ---

Using the jason.jar from classpath

  saved -> results/seed_2/

--- Seed 3 (cfr) ---

Using the jason.jar from classpath

  saved -> results/seed_3/

--- Seed 4 (cfr) ---

Using the jason.jar from classpath

  saved -> results/seed_4/

--- Seed 5 (cfr) ---

Using the jason.jar from classpath

  saved -> results/seed_5/

--- Seed 6 (cfr) ---

Using the jason.jar from classpath

  saved -> results/seed_6/

--- Seed 7 (cfr) ---

Using the jason.jar from classpath

  saved -> results/seed_7/

--- Seed 8 (cfr) ---

Using the jason.jar from classpath

  saved -> results/seed_8/

--- Seed 9 (cfr) ---

Using the jason.jar from classpath

  saved -> results/seed_9/

==========================================
All 10 seeds complete (cfr mode). Results in results/
==========================================
drwxr-xr-x 1 zahra 197609      0 Apr 27 00:35 seed_0
drwxr-xr-x 1 zahra 197609      0 Apr 27 00:37 seed_1
drwxr-xr-x 1 zahra 197609      0 Apr 27 00:38 seed_2
drwxr-xr-x 1 zahra 197609      0 Apr 27 00:40 seed_3
drwxr-xr-x 1 zahra 197609      0 Apr 27 00:41 seed_4
drwxr-xr-x 1 zahra 197609      0 Apr 27 00:42 seed_5
drwxr-xr-x 1 zahra 197609      0 Apr 27 00:44 seed_6
drwxr-xr-x 1 zahra 197609      0 Apr 27 00:45 seed_7
drwxr-xr-x 1 zahra 197609      0 Apr 27 00:47 seed_8
drwxr-xr-x 1 zahra 197609      0 Apr 27 00:48 seed_9
